
> viso-studio@0.0.0 build
> vite build

[36mvite v8.0.0 [32mbuilding client environment for production...[36m[39m
[2K
transforming...Ô£ô 16 modules transformed.
node.exe : [31mÔ£ù[39m 
Build failed in 369ms
Au caractère Ligne:1 : 1
+ & "C:\Program 
Files\nodejs/node.exe" "C:
\Users\KADER\AppData\Roami
ng\ ...
+ ~~~~~~~~~~~~~~~~~~~~~~~~
~~~~~~~~~~~~~~~~~~~~~~~~~~
~~~~~~~~~~~~~~~~~~~
    + CategoryInfo        
      : NotSpecified: (  
  [31mÔ£ù[39m Build fa   
 iled in 369ms:String)    
 [], RemoteException
    + FullyQualifiedError 
   Id : NativeCommandErr  
  or
 
[31merror during build:
[31mBuild failed with 1 
error:

[31m[UNRESOLVED_IMPORT] 
Error:[0m Could not 
resolve 
'./Contexte/AppContexte' 
in src/App.jsx
   [38;5;246mÔò¡[0m[38;
5;246mÔöÇ[0m[38;5;246m[
[0m src/App.jsx:2:32 
[38;5;246m][0m
   [38;5;246mÔöé[0m
 [38;5;246m2 Ôöé[0m [38
;5;249mi[0m[38;5;249mm[
0m[38;5;249mp[0m[38;5;2
49mo[0m[38;5;249mr[0m[
38;5;249mt[0m[38;5;249m 
[0m[38;5;249m{[0m[38;5
;249m [0m[38;5;249mA[0m
[38;5;249mp[0m[38;5;249
mp[0m[38;5;249mF[0m[38
;5;249mo[0m[38;5;249mu[
0m[38;5;249mr[0m[38;5;2
49mn[0m[38;5;249mi[0m[
38;5;249ms[0m[38;5;249ms
[0m[38;5;249me[0m[38;5
;249mu[0m[38;5;249mr[0m
[38;5;249m [0m[38;5;249
m}[0m[38;5;249m [0m[38
;5;249mf[0m[38;5;249mr[
0m[38;5;249mo[0m[38;5;2
49mm[0m[38;5;249m [0m".
/Contexte/AppContexte"[38
;5;249m;[0m
 [38;5;240m  Ôöé[0m     
                          
 ÔöÇÔöÇÔöÇÔöÇÔöÇÔöÇÔöÇÔöÇÔ
öÇÔöÇÔöÇÔöÇÔö¼ÔöÇÔöÇÔöÇÔöÇ
ÔöÇÔöÇÔöÇÔöÇÔöÇÔöÇÔöÇ  
 [38;5;240m  Ôöé[0m     
                          
             Ôò░ÔöÇÔöÇÔöÇÔ
öÇÔöÇÔöÇÔöÇÔöÇÔöÇÔöÇÔöÇÔöÇ
ÔöÇ Module not found.
 [38;5;240m  Ôöé[0m 
 [38;5;240m  Ôöé[0m 
[38;5;115mHelp[0m: 
'src/App.jsx' is imported 
by the following path:
 [38;5;240m  Ôöé[0m     
    - src/App.jsx
 [38;5;240m  Ôöé[0m     
    - src/main.jsx
 [38;5;240m  Ôöé[0m     
    - index.html
[38;5;246mÔöÇÔöÇÔöÇÔò»[0
m
[31m
    at aggregateBindingErr
orsIntoJsError (file:///C:
/Users/KADER/Desktop/Daily
Muse/viso-studio/node_modu
les/rolldown/dist/shared/e
rror-CP8smW_P.mjs:48:18)
    at 
unwrapBindingResult (file:
///C:/Users/KADER/Desktop/
DailyMuse/viso-studio/node
_modules/rolldown/dist/sha
red/error-CP8smW_P.mjs:18:
128)
    at #build (file:///C:/
Users/KADER/Desktop/DailyM
use/viso-studio/node_modul
es/rolldown/dist/shared/ro
lldown-build-4YnQkA76.mjs:
3311:34)
    at async 
buildEnvironment (file:///
C:/Users/KADER/Desktop/Dai
lyMuse/viso-studio/node_mo
dules/vite/dist/node/chunk
s/node.js:32794:64)
    at async Object.build 
(file:///C:/Users/KADER/De
sktop/DailyMuse/viso-studi
o/node_modules/vite/dist/n
ode/chunks/node.js:33216:1
9)
    at async 
Object.buildApp (file:///C
:/Users/KADER/Desktop/Dail
yMuse/viso-studio/node_mod
ules/vite/dist/node/chunks
/node.js:33213:153)
    at async 
CAC.<anonymous> (file:///C
:/Users/KADER/Desktop/Dail
yMuse/viso-studio/node_mod
ules/vite/dist/node/cli.js
:778:3) {
  errors: [Getter/Setter]
}[39m
